
> portfolio@0.1.0 build
> next build

Γû▓ Next.js 16.1.6 (Turbopack)
- Environments: .env.local

  Creating an optimized production build ...
node.exe : 
At line:1 char:1
+ & "C:\Program Files
\nodejs/node.exe" 
"C:\Program 
Files\nodejs/node_mo 
...
+ ~~~~~~~~~~~~~~~~~~~
~~~~~~~~~~~~~~~~~~~~~
~~~~~~~~~~~~~~~~~~~~~
~~~~~~~~
    + CategoryInfo   
           : NotSpe  
  cified: (:String   
 ) [], RemoteExce    
ption
    + FullyQualified 
   ErrorId : Native  
  CommandError
 
> Build error 
occurred
Error: Turbopack 
build failed with 1 
errors:
./lib/data.js:1:1
Module not found: 
Can't resolve 
'fs/promises'
[0m[31m[1m>[22m[
39m[90m 1 |[39m 
[36mimport[39m { 
readdir[33m,[39m 
mkdir } 
[36mfrom[39m [32m"
fs/promises"[39m[33
m;[39m
 [90m   |[39m [31m
[1m^[22m[39m[31m
[1m^[22m[39m[31m[
1m^[22m[39m[31m[1
m^[22m[39m[31m[1m
^[22m[39m[31m[1m^
[22m[39m[31m[1m^
[22m[39m[31m[1m^[
22m[39m[31m[1m^[2
2m[39m[31m[1m^[22
m[39m[31m[1m^[22m
[39m[31m[1m^[22m
[39m[31m[1m^[22m[
39m[31m[1m^[22m[3
9m[31m[1m^[22m[39
m[31m[1m^[22m[39m
[31m[1m^[22m[39m
[31m[1m^[22m[39m[
31m[1m^[22m[39m[3
1m[1m^[22m[39m[31
m[1m^[22m[39m[31m
[1m^[22m[39m[31m
[1m^[22m[39m[31m[
1m^[22m[39m[31m[1
m^[22m[39m[31m[1m
^[22m[39m[31m[1m^
[22m[39m[31m[1m^
[22m[39m[31m[1m^[
22m[39m[31m[1m^[2
2m[39m[31m[1m^[22
m[39m[31m[1m^[22m
[39m[31m[1m^[22m
[39m[31m[1m^[22m[
39m[31m[1m^[22m[3
9m[31m[1m^[22m[39
m[31m[1m^[22m[39m
[31m[1m^[22m[39m
[31m[1m^[22m[39m[
31m[1m^[22m[39m[3
1m[1m^[22m[39m[31
m[1m^[22m[39m[31m
[1m^[22m[39m[31m
[1m^[22m[39m[31m[
1m^[22m[39m
 [90m 2 |[39m 
[36mimport[39m 
path [36mfrom[39m 
[32m"path"[39m[33m;
[39m
 [90m 3 |[39m
 [90m 4 |[39m 
[36mconst[39m 
[33mUPLOAD_DIR[39m 
[33m=[39m path[33m
.[39mjoin(process[3
3m.[39mcwd()[33m,[
39m [32m"public"[39
m[33m,[39m [32m"up
loads"[39m)[33m;[3
9m[0m



Import traces:
  Server Component:
    ./lib/data.js
    ./app/page.jsx

  Client Component 
Browser:
    ./lib/data.js 
[Client Component 
Browser]
    
./app/admin/page.jsx 
[Client Component 
Browser]
    
./app/admin/page.jsx 
[Server Component]

  Client Component 
SSR:
    ./lib/data.js 
[Client Component 
SSR]
    
./app/admin/page.jsx 
[Client Component 
SSR]
    
./app/admin/page.jsx 
[Server Component]

https://nextjs.org/do
cs/messages/module-no
t-found


    at <unknown> 
(./lib/data.js:1:1)
    at <unknown> (htt
ps://nextjs.org/docs/
messages/module-not-f
ound)
